NOerror